******************************************************************************
                  TI ARM Linker PC v18.1.1                     
******************************************************************************
>> Linked Sun May 20 19:51:21 2018

OUTPUT FILE NAME:   <course_3.out>
ENTRY POINT SYMBOL: "_c_int00_noargs"  address: 00001631


MEMORY CONFIGURATION

         name            origin    length      used     unused   attr    fill
----------------------  --------  ---------  --------  --------  ----  --------
  FLASH                 00000000   00040000  00001a2c  0003e5d4  R  X
  SRAM                  20000000   00008000  0000046c  00007b94  RW X


SEGMENT ALLOCATION MAP

run origin  load origin   length   init length attrs members
----------  ----------- ---------- ----------- ----- -------
00000000    00000000    00001a2c   00001a2c    r-x
  00000000    00000000    0000026c   0000026c    r-- .intvecs
  0000026c    0000026c    0000144c   0000144c    r-x .text
  000016b8    000016b8    00000360   00000360    r-- .const
  00001a18    00001a18    00000014   00000014    r-- .cinit
20000000    20000000    00000470   00000000    rw-
  20000000    20000000    0000026c   00000000    rw- .vtable
  20000270    20000270    00000200   00000000    rw- .stack


SECTION ALLOCATION MAP

 output                                  attributes/
section   page    origin      length       input sections
--------  ----  ----------  ----------   ----------------
.intvecs   0    00000000    0000026c     
                  00000000    0000026c     tm4c123gh6pm_startup_ccs.obj (.intvecs)

.text      0    0000026c    0000144c     
                  0000026c    00000f80     sysctl.obj (.text)
                  000011ec    000003c0     interrupt.obj (.text)
                  000015ac    00000044     rtsv7M4_T_le_v4SPD16_eabi.lib : autoinit.c.obj (.text:__TI_auto_init_nobinit_nopinit:__TI_auto_init_nobinit_nopinit)
                  000015f0    0000003e     cpu.obj (.text)
                  0000162e    00000002     --HOLE-- [fill = 0]
                  00001630    00000038     rtsv7M4_T_le_v4SPD16_eabi.lib : boot_cortex_m.c.obj (.text:_c_int00_noargs:_c_int00_noargs)
                  00001668    00000024     main.obj (.text)
                  0000168c    00000012     rtsv7M4_T_le_v4SPD16_eabi.lib : copy_zero_init.c.obj (.text:decompress:ZI:__TI_zero_init_nomemset:__TI_zero_init_nomemset)
                  0000169e    0000000c     tm4c123gh6pm_startup_ccs.obj (.text)
                  000016aa    00000006     sysctl.obj (.text:SysCtlDelay)
                  000016b0    00000004     rtsv7M4_T_le_v4SPD16_eabi.lib : pre_init.c.obj (.text:_system_pre_init)
                  000016b4    00000004                                   : exit.c.obj (.text:abort:abort)

.const     0    000016b8    00000360     
                  000016b8    000001b0     sysctl.obj (.const:g_pppui32XTALtoVCO)
                  00001868    0000009c     interrupt.obj (.const:g_pui32Regs)
                  00001904    0000006c     sysctl.obj (.const:g_pui32Xtals)
                  00001970    00000030     sysctl.obj (.const:g_sXTALtoMEMTIM)
                  000019a0    00000020     interrupt.obj (.const:g_pui32Priority)
                  000019c0    00000014     interrupt.obj (.const:g_pui32Dii16Regs)
                  000019d4    00000014     interrupt.obj (.const:g_pui32EnRegs)
                  000019e8    00000014     interrupt.obj (.const:g_pui32PendRegs)
                  000019fc    00000014     interrupt.obj (.const:g_pui32UnpendRegs)
                  00001a10    00000008     sysctl.obj (.const:g_pui32VCOFrequencies)

.cinit     0    00001a18    00000014     
                  00001a18    00000008     (.cinit..vtable.load) [load image, compression = zero_init]
                  00001a20    00000004     (__TI_handler_table)
                  00001a24    00000008     (__TI_cinit_table)

.init_array 
*          0    00000000    00000000     UNINITIALIZED

.vtable    0    20000000    0000026c     UNINITIALIZED
                  20000000    0000026c     interrupt.obj (.vtable)

.stack     0    20000270    00000200     UNINITIALIZED
                  20000270    00000004     rtsv7M4_T_le_v4SPD16_eabi.lib : boot_cortex_m.c.obj (.stack)
                  20000274    000001fc     --HOLE--

MODULE SUMMARY

       Module                         code   ro data   rw data
       ------                         ----   -------   -------
    .\
       tm4c123gh6pm_startup_ccs.obj   12     620       0      
       main.obj                       36     0         0      
    +--+------------------------------+------+---------+---------+
       Total:                         48     620       0      
                                                              
    .\driverlib\
       sysctl.obj                     3974   596       0      
       interrupt.obj                  960    268       620    
       cpu.obj                        62     0         0      
    +--+------------------------------+------+---------+---------+
       Total:                         4996   864       620    
                                                              
    C:\ti\ccsv8\tools\compiler\ti-cgt-arm_18.1.1.LTS\lib\rtsv7M4_T_le_v4SPD16_eabi.lib
       autoinit.c.obj                 68     0         0      
       boot_cortex_m.c.obj            56     0         0      
       copy_zero_init.c.obj           18     0         0      
       exit.c.obj                     4      0         0      
       pre_init.c.obj                 4      0         0      
    +--+------------------------------+------+---------+---------+
       Total:                         150    0         0      
                                                              
       Stack:                         0      0         512    
       Linker Generated:              0      20        0      
    +--+------------------------------+------+---------+---------+
       Grand Total:                   5194   1504      1132   


LINKER GENERATED COPY TABLES

__TI_cinit_table @ 00001a24 records: 1, size/record: 8, table size: 8
	.vtable: load addr=00001a18, load size=00000008 bytes, run addr=20000000, run size=0000026c bytes, compression=zero_init


LINKER GENERATED HANDLER TABLE

__TI_handler_table @ 00001a20 records: 1, size/record: 4, table size: 4
	index: 0, handler: __TI_zero_init


GLOBAL SYMBOLS: SORTED ALPHABETICALLY BY Name 

address   name                            
-------   ----                            
000016b5  C$$EXIT                         
00001625  CPUbasepriGet                   
00001617  CPUbasepriSet                   
000015f1  CPUcpsid                        
00001607  CPUcpsie                        
000015fd  CPUprimask                      
00001613  CPUwfi                          
000013ad  IntDisable                      
0000133b  IntEnable                       
0000141f  IntIsEnabled                    
000011ff  IntMasterDisable                
000011ef  IntMasterEnable                 
00001515  IntPendClear                    
000014a5  IntPendSet                      
00001317  IntPriorityGet                  
0000128f  IntPriorityGroupingGet          
00001275  IntPriorityGroupingSet          
0000156f  IntPriorityMaskGet              
00001563  IntPriorityMaskSet              
000012c7  IntPrioritySet                  
0000120f  IntRegister                     
00001577  IntTrigger                      
00001261  IntUnregister                   
0000169f  ResetISR                        
000011a9  SysCtlAltClkConfig              
000008d1  SysCtlClockFreqSet              
00000d99  SysCtlClockGet                  
0000118d  SysCtlClockOutConfig            
00000bc9  SysCtlClockSet                  
000007d5  SysCtlDeepSleep                 
00000f5d  SysCtlDeepSleepClockConfigSet   
00000f3f  SysCtlDeepSleepClockSet         
000007b5  SysCtlDeepSleepPowerSet         
000016ab  SysCtlDelay                     
00000363  SysCtlFlashSectorSizeGet        
00000337  SysCtlFlashSizeGet              
00001033  SysCtlGPIOAHBDisable            
00001017  SysCtlGPIOAHBEnable             
00000749  SysCtlIntClear                  
00000731  SysCtlIntDisable                
0000071d  SysCtlIntEnable                 
000006f5  SysCtlIntRegister               
00000759  SysCtlIntStatus                 
0000070d  SysCtlIntUnregister             
0000079b  SysCtlLDODeepSleepGet           
0000078b  SysCtlLDODeepSleepSet           
00000785  SysCtlLDOSleepGet               
00000775  SysCtlLDOSleepSet               
0000080b  SysCtlMOSCConfigSet             
00001171  SysCtlNMIClear                  
0000115d  SysCtlNMIStatus                 
00000821  SysCtlPIOSCCalibrate            
00001001  SysCtlPWMClockGet               
00000fe7  SysCtlPWMClockSet               
000006a1  SysCtlPeripheralClockGating     
00000659  SysCtlPeripheralDeepSleepDisable
00000609  SysCtlPeripheralDeepSleepEnable 
00000545  SysCtlPeripheralDisable         
00000509  SysCtlPeripheralEnable          
00000445  SysCtlPeripheralPowerOff        
00000409  SysCtlPeripheralPowerOn         
00000389  SysCtlPeripheralPresent         
000003c9  SysCtlPeripheralReady           
00000481  SysCtlPeripheralReset           
000005cd  SysCtlPeripheralSleepDisable    
00000589  SysCtlPeripheralSleepEnable     
000007c5  SysCtlReset                     
00000881  SysCtlResetBehaviorGet          
00000871  SysCtlResetBehaviorSet          
000007f7  SysCtlResetCauseClear           
000007f1  SysCtlResetCauseGet             
0000032d  SysCtlSRAMSizeGet               
000007cd  SysCtlSleep                     
000007a1  SysCtlSleepPowerSet             
0000105b  SysCtlUSBPLLDisable             
0000104f  SysCtlUSBPLLEnable              
000010a1  SysCtlVCOGet                    
00001089  SysCtlVoltageEventClear         
0000106d  SysCtlVoltageEventConfig        
0000107d  SysCtlVoltageEventStatus        
20000470  __STACK_END                     
00000200  __STACK_SIZE                    
20000470  __STACK_TOP                     
00001a24  __TI_CINIT_Base                 
00001a2c  __TI_CINIT_Limit                
00001a20  __TI_Handler_Table_Base         
00001a24  __TI_Handler_Table_Limit        
000015ad  __TI_auto_init_nobinit_nopinit  
ffffffff  __TI_pprof_out_hndl             
ffffffff  __TI_prof_data_size             
ffffffff  __TI_prof_data_start            
00000000  __TI_static_base__              
0000168d  __TI_zero_init_nomemset         
ffffffff  __binit__                       
ffffffff  __c_args__                      
UNDEFED   __mpu_init                      
20000270  __stack                         
00001631  _c_int00_noargs                 
UNDEFED   _system_post_cinit              
000016b1  _system_pre_init                
000016b5  abort                           
ffffffff  binit                           
20000000  g_pfnRAMVectors                 
00000000  g_pfnVectors                    
00001669  main                            


GLOBAL SYMBOLS: SORTED BY Symbol Address 

address   name                            
-------   ----                            
00000000  __TI_static_base__              
00000000  g_pfnVectors                    
00000200  __STACK_SIZE                    
0000032d  SysCtlSRAMSizeGet               
00000337  SysCtlFlashSizeGet              
00000363  SysCtlFlashSectorSizeGet        
00000389  SysCtlPeripheralPresent         
000003c9  SysCtlPeripheralReady           
00000409  SysCtlPeripheralPowerOn         
00000445  SysCtlPeripheralPowerOff        
00000481  SysCtlPeripheralReset           
00000509  SysCtlPeripheralEnable          
00000545  SysCtlPeripheralDisable         
00000589  SysCtlPeripheralSleepEnable     
000005cd  SysCtlPeripheralSleepDisable    
00000609  SysCtlPeripheralDeepSleepEnable 
00000659  SysCtlPeripheralDeepSleepDisable
000006a1  SysCtlPeripheralClockGating     
000006f5  SysCtlIntRegister               
0000070d  SysCtlIntUnregister             
0000071d  SysCtlIntEnable                 
00000731  SysCtlIntDisable                
00000749  SysCtlIntClear                  
00000759  SysCtlIntStatus                 
00000775  SysCtlLDOSleepSet               
00000785  SysCtlLDOSleepGet               
0000078b  SysCtlLDODeepSleepSet           
0000079b  SysCtlLDODeepSleepGet           
000007a1  SysCtlSleepPowerSet             
000007b5  SysCtlDeepSleepPowerSet         
000007c5  SysCtlReset                     
000007cd  SysCtlSleep                     
000007d5  SysCtlDeepSleep                 
000007f1  SysCtlResetCauseGet             
000007f7  SysCtlResetCauseClear           
0000080b  SysCtlMOSCConfigSet             
00000821  SysCtlPIOSCCalibrate            
00000871  SysCtlResetBehaviorSet          
00000881  SysCtlResetBehaviorGet          
000008d1  SysCtlClockFreqSet              
00000bc9  SysCtlClockSet                  
00000d99  SysCtlClockGet                  
00000f3f  SysCtlDeepSleepClockSet         
00000f5d  SysCtlDeepSleepClockConfigSet   
00000fe7  SysCtlPWMClockSet               
00001001  SysCtlPWMClockGet               
00001017  SysCtlGPIOAHBEnable             
00001033  SysCtlGPIOAHBDisable            
0000104f  SysCtlUSBPLLEnable              
0000105b  SysCtlUSBPLLDisable             
0000106d  SysCtlVoltageEventConfig        
0000107d  SysCtlVoltageEventStatus        
00001089  SysCtlVoltageEventClear         
000010a1  SysCtlVCOGet                    
0000115d  SysCtlNMIStatus                 
00001171  SysCtlNMIClear                  
0000118d  SysCtlClockOutConfig            
000011a9  SysCtlAltClkConfig              
000011ef  IntMasterEnable                 
000011ff  IntMasterDisable                
0000120f  IntRegister                     
00001261  IntUnregister                   
00001275  IntPriorityGroupingSet          
0000128f  IntPriorityGroupingGet          
000012c7  IntPrioritySet                  
00001317  IntPriorityGet                  
0000133b  IntEnable                       
000013ad  IntDisable                      
0000141f  IntIsEnabled                    
000014a5  IntPendSet                      
00001515  IntPendClear                    
00001563  IntPriorityMaskSet              
0000156f  IntPriorityMaskGet              
00001577  IntTrigger                      
000015ad  __TI_auto_init_nobinit_nopinit  
000015f1  CPUcpsid                        
000015fd  CPUprimask                      
00001607  CPUcpsie                        
00001613  CPUwfi                          
00001617  CPUbasepriSet                   
00001625  CPUbasepriGet                   
00001631  _c_int00_noargs                 
00001669  main                            
0000168d  __TI_zero_init_nomemset         
0000169f  ResetISR                        
000016ab  SysCtlDelay                     
000016b1  _system_pre_init                
000016b5  C$$EXIT                         
000016b5  abort                           
00001a20  __TI_Handler_Table_Base         
00001a24  __TI_CINIT_Base                 
00001a24  __TI_Handler_Table_Limit        
00001a2c  __TI_CINIT_Limit                
20000000  g_pfnRAMVectors                 
20000270  __stack                         
20000470  __STACK_END                     
20000470  __STACK_TOP                     
ffffffff  __TI_pprof_out_hndl             
ffffffff  __TI_prof_data_size             
ffffffff  __TI_prof_data_start            
ffffffff  __binit__                       
ffffffff  __c_args__                      
ffffffff  binit                           
UNDEFED   __mpu_init                      
UNDEFED   _system_post_cinit              

[105 symbols]
